plan: 4512 slices, 9.470B positions  [win/draw/loss WITH the fifty-move rule, 2 bits, mirror symmetry]
  tables                 2.20 GiB resident for the whole run
  largest slice          KQRBNkqrbn, 645.8M positions
  its working memory     4.21 GiB (worst case; measured peaks run near half this)
  projected peak         6.41 GiB
  projected time         43m at 3.7M positions/s

    0.2%  935/4512 slices  0.02B/9.47B positions  4.2M/s  5s elapsed, 37m left
    0.4%  1175/4512 slices  0.04B/9.47B positions  4.0M/s  10s elapsed, 39m left
    0.7%  1195/4512 slices  0.06B/9.47B positions  4.1M/s  15s elapsed, 38m left
    0.9%  1333/4512 slices  0.09B/9.47B positions  4.3M/s  20s elapsed, 37m left
    1.1%  1440/4512 slices  0.11B/9.47B positions  4.3M/s  25s elapsed, 37m left
    1.3%  1510/4512 slices  0.13B/9.47B positions  4.2M/s  30s elapsed, 37m left
    1.5%  1574/4512 slices  0.14B/9.47B positions  4.1M/s  35s elapsed, 38m left
    1.7%  1726/4512 slices  0.16B/9.47B positions  4.1M/s  40s elapsed, 38m left
    1.9%  1826/4512 slices  0.18B/9.47B positions  4.0M/s  45s elapsed, 39m left
    2.1%  1954/4512 slices  0.20B/9.47B positions  4.0M/s  50s elapsed, 39m left
    2.3%  2082/4512 slices  0.22B/9.47B positions  4.0M/s  55s elapsed, 39m left
    2.5%  2171/4512 slices  0.24B/9.47B positions  3.9M/s  60s elapsed, 39m left
    2.7%  2253/4512 slices  0.26B/9.47B positions  3.9M/s  66s elapsed, 39m left
    2.9%  2264/4512 slices  0.28B/9.47B positions  3.9M/s  72s elapsed, 40m left
    3.2%  2268/4512 slices  0.30B/9.47B positions  3.9M/s  77s elapsed, 39m left
    3.4%  2270/4512 slices  0.32B/9.47B positions  3.9M/s  83s elapsed, 39m left
    3.7%  2276/4512 slices  0.35B/9.47B positions  3.9M/s  89s elapsed, 39m left
    4.1%  2280/4512 slices  0.38B/9.47B positions  3.9M/s  2m elapsed, 38m left
    4.3%  2281/4512 slices  0.41B/9.47B positions  3.9M/s  2m elapsed, 38m left
    4.6%  2284/4512 slices  0.43B/9.47B positions  3.9M/s  2m elapsed, 38m left
    4.9%  2287/4512 slices  0.46B/9.47B positions  3.9M/s  2m elapsed, 38m left
    5.1%  2359/4512 slices  0.48B/9.47B positions  3.9M/s  2m elapsed, 38m left
    5.4%  2414/4512 slices  0.51B/9.47B positions  4.0M/s  2m elapsed, 37m left
    5.6%  2441/4512 slices  0.53B/9.47B positions  4.0M/s  2m elapsed, 37m left
    5.9%  2463/4512 slices  0.56B/9.47B positions  4.0M/s  2m elapsed, 37m left
    6.1%  2488/4512 slices  0.58B/9.47B positions  4.0M/s  2m elapsed, 37m left
    6.3%  2504/4512 slices  0.59B/9.47B positions  4.0M/s  2m elapsed, 37m left
    6.5%  2516/4512 slices  0.62B/9.47B positions  4.0M/s  3m elapsed, 37m left
    6.7%  2536/4512 slices  0.63B/9.47B positions  4.0M/s  3m elapsed, 37m left
    6.9%  2548/4512 slices  0.65B/9.47B positions  4.0M/s  3m elapsed, 37m left
    7.1%  2558/4512 slices  0.67B/9.47B positions  4.0M/s  3m elapsed, 37m left
    7.3%  2569/4512 slices  0.69B/9.47B positions  4.0M/s  3m elapsed, 37m left
    7.5%  2584/4512 slices  0.71B/9.47B positions  3.9M/s  3m elapsed, 37m left
    7.7%  2599/4512 slices  0.73B/9.47B positions  3.9M/s  3m elapsed, 37m left
    7.9%  2609/4512 slices  0.75B/9.47B positions  3.9M/s  3m elapsed, 37m left
    8.2%  2619/4512 slices  0.77B/9.47B positions  3.9M/s  3m elapsed, 37m left
    8.4%  2631/4512 slices  0.79B/9.47B positions  3.9M/s  3m elapsed, 37m left
    8.5%  2691/4512 slices  0.81B/9.47B positions  3.9M/s  3m elapsed, 37m left
    8.8%  2740/4512 slices  0.83B/9.47B positions  3.9M/s  4m elapsed, 37m left
    9.0%  2766/4512 slices  0.85B/9.47B positions  3.9M/s  4m elapsed, 37m left
    9.1%  2800/4512 slices  0.87B/9.47B positions  3.9M/s  4m elapsed, 37m left
    9.3%  2815/4512 slices  0.88B/9.47B positions  3.9M/s  4m elapsed, 37m left
    9.6%  2835/4512 slices  0.91B/9.47B positions  3.9M/s  4m elapsed, 37m left
    9.8%  2860/4512 slices  0.93B/9.47B positions  3.9M/s  4m elapsed, 37m left
    9.9%  2907/4512 slices  0.94B/9.47B positions  3.8M/s  4m elapsed, 37m left
   10.2%  2946/4512 slices  0.96B/9.47B positions  3.8M/s  4m elapsed, 37m left
   10.4%  2968/4512 slices  0.98B/9.47B positions  3.8M/s  4m elapsed, 37m left
   10.5%  3000/4512 slices  1.00B/9.47B positions  3.8M/s  4m elapsed, 37m left
   10.7%  3015/4512 slices  1.02B/9.47B positions  3.8M/s  4m elapsed, 37m left
   11.0%  3032/4512 slices  1.04B/9.47B positions  3.8M/s  5m elapsed, 37m left
   11.2%  3058/4512 slices  1.06B/9.47B positions  3.8M/s  5m elapsed, 37m left
   11.3%  3107/4512 slices  1.07B/9.47B positions  3.8M/s  5m elapsed, 37m left
   11.6%  3147/4512 slices  1.09B/9.47B positions  3.8M/s  5m elapsed, 37m left
   11.8%  3158/4512 slices  1.11B/9.47B positions  3.8M/s  5m elapsed, 37m left
   11.9%  3183/4512 slices  1.13B/9.47B positions  3.8M/s  5m elapsed, 37m left
   12.2%  3202/4512 slices  1.15B/9.47B positions  3.8M/s  5m elapsed, 36m left
   12.4%  3214/4512 slices  1.17B/9.47B positions  3.8M/s  5m elapsed, 36m left
   12.6%  3252/4512 slices  1.19B/9.47B positions  3.8M/s  5m elapsed, 36m left
   12.8%  3282/4512 slices  1.21B/9.47B positions  3.8M/s  5m elapsed, 36m left
   13.0%  3290/4512 slices  1.23B/9.47B positions  3.8M/s  5m elapsed, 36m left
   13.1%  3317/4512 slices  1.24B/9.47B positions  3.8M/s  5m elapsed, 36m left
   13.4%  3330/4512 slices  1.27B/9.47B positions  3.8M/s  6m elapsed, 36m left
   13.6%  3350/4512 slices  1.29B/9.47B positions  3.8M/s  6m elapsed, 36m left
   13.8%  3352/4512 slices  1.31B/9.47B positions  3.8M/s  6m elapsed, 36m left
   14.3%  3353/4512 slices  1.36B/9.47B positions  3.8M/s  6m elapsed, 36m left
   14.6%  3355/4512 slices  1.38B/9.47B positions  3.8M/s  6m elapsed, 36m left
   14.8%  3356/4512 slices  1.40B/9.47B positions  3.7M/s  6m elapsed, 36m left
   15.3%  3357/4512 slices  1.45B/9.47B positions  3.7M/s  6m elapsed, 36m left
   16.3%  3359/4512 slices  1.55B/9.47B positions  3.8M/s  7m elapsed, 35m left
   16.6%  3360/4512 slices  1.57B/9.47B positions  3.7M/s  7m elapsed, 35m left
   17.0%  3361/4512 slices  1.61B/9.47B positions  3.7M/s  7m elapsed, 36m left
   17.9%  3362/4512 slices  1.70B/9.47B positions  3.7M/s  8m elapsed, 35m left
   18.2%  3363/4512 slices  1.72B/9.47B positions  3.7M/s  8m elapsed, 35m left
   18.6%  3364/4512 slices  1.77B/9.47B positions  3.7M/s  8m elapsed, 35m left
   19.9%  3365/4512 slices  1.89B/9.47B positions  3.7M/s  8m elapsed, 34m left
   20.4%  3366/4512 slices  1.93B/9.47B positions  3.7M/s  9m elapsed, 34m left
   20.6%  3369/4512 slices  1.95B/9.47B positions  3.7M/s  9m elapsed, 34m left
   20.7%  3405/4512 slices  1.96B/9.47B positions  3.7M/s  9m elapsed, 34m left
   21.0%  3424/4512 slices  1.99B/9.47B positions  3.7M/s  9m elapsed, 34m left
   21.2%  3442/4512 slices  2.01B/9.47B positions  3.7M/s  9m elapsed, 34m left
   21.4%  3450/4512 slices  2.03B/9.47B positions  3.7M/s  9m elapsed, 33m left
   21.8%  3465/4512 slices  2.07B/9.47B positions  3.7M/s  9m elapsed, 33m left
   22.2%  3476/4512 slices  2.10B/9.47B positions  3.8M/s  9m elapsed, 33m left
   22.3%  3480/4512 slices  2.12B/9.47B positions  3.8M/s  9m elapsed, 33m left
   22.6%  3486/4512 slices  2.14B/9.47B positions  3.8M/s  9m elapsed, 32m left
   22.9%  3494/4512 slices  2.17B/9.47B positions  3.8M/s  10m elapsed, 32m left
   23.2%  3502/4512 slices  2.19B/9.47B positions  3.8M/s  10m elapsed, 32m left
   23.5%  3508/4512 slices  2.22B/9.47B positions  3.8M/s  10m elapsed, 32m left
   23.8%  3513/4512 slices  2.25B/9.47B positions  3.8M/s  10m elapsed, 32m left
   24.0%  3519/4512 slices  2.27B/9.47B positions  3.8M/s  10m elapsed, 32m left
   24.3%  3522/4512 slices  2.30B/9.47B positions  3.8M/s  10m elapsed, 32m left
   24.5%  3526/4512 slices  2.32B/9.47B positions  3.7M/s  10m elapsed, 32m left
   24.7%  3531/4512 slices  2.34B/9.47B positions  3.7M/s  10m elapsed, 32m left
   24.9%  3535/4512 slices  2.36B/9.47B positions  3.7M/s  11m elapsed, 32m left
   25.1%  3536/4512 slices  2.38B/9.47B positions  3.7M/s  11m elapsed, 32m left
   25.3%  3540/4512 slices  2.39B/9.47B positions  3.7M/s  11m elapsed, 32m left
   25.6%  3541/4512 slices  2.42B/9.47B positions  3.7M/s  11m elapsed, 31m left
   25.8%  3545/4512 slices  2.44B/9.47B positions  3.7M/s  11m elapsed, 31m left
   25.9%  3549/4512 slices  2.46B/9.47B positions  3.7M/s  11m elapsed, 31m left
   26.1%  3550/4512 slices  2.48B/9.47B positions  3.7M/s  11m elapsed, 31m left
   26.3%  3553/4512 slices  2.49B/9.47B positions  3.7M/s  11m elapsed, 31m left
   26.6%  3558/4512 slices  2.52B/9.47B positions  3.7M/s  11m elapsed, 31m left
   26.7%  3560/4512 slices  2.53B/9.47B positions  3.7M/s  11m elapsed, 31m left
   26.8%  3563/4512 slices  2.54B/9.47B positions  3.7M/s  12m elapsed, 31m left
   27.1%  3564/4512 slices  2.56B/9.47B positions  3.7M/s  12m elapsed, 31m left
   27.3%  3568/4512 slices  2.59B/9.47B positions  3.7M/s  12m elapsed, 31m left
   27.6%  3569/4512 slices  2.62B/9.47B positions  3.7M/s  12m elapsed, 31m left
   27.9%  3573/4512 slices  2.64B/9.47B positions  3.7M/s  12m elapsed, 31m left
   28.1%  3576/4512 slices  2.66B/9.47B positions  3.7M/s  12m elapsed, 31m left
   28.3%  3578/4512 slices  2.68B/9.47B positions  3.7M/s  12m elapsed, 31m left
   28.5%  3582/4512 slices  2.70B/9.47B positions  3.7M/s  12m elapsed, 31m left
   28.7%  3600/4512 slices  2.71B/9.47B positions  3.6M/s  12m elapsed, 31m left
   28.9%  3612/4512 slices  2.73B/9.47B positions  3.6M/s  12m elapsed, 31m left
   29.1%  3631/4512 slices  2.76B/9.47B positions  3.6M/s  13m elapsed, 31m left
   29.4%  3651/4512 slices  2.79B/9.47B positions  3.6M/s  13m elapsed, 31m left
   29.6%  3659/4512 slices  2.81B/9.47B positions  3.6M/s  13m elapsed, 31m left
   29.8%  3673/4512 slices  2.82B/9.47B positions  3.6M/s  13m elapsed, 31m left
   29.9%  3676/4512 slices  2.83B/9.47B positions  3.6M/s  13m elapsed, 31m left
   30.2%  3677/4512 slices  2.86B/9.47B positions  3.6M/s  13m elapsed, 30m left
   30.3%  3686/4512 slices  2.87B/9.47B positions  3.6M/s  13m elapsed, 30m left
   30.5%  3697/4512 slices  2.89B/9.47B positions  3.6M/s  13m elapsed, 30m left
   30.8%  3704/4512 slices  2.91B/9.47B positions  3.6M/s  13m elapsed, 30m left
   31.1%  3705/4512 slices  2.95B/9.47B positions  3.6M/s  14m elapsed, 30m left
   31.3%  3713/4512 slices  2.97B/9.47B positions  3.6M/s  14m elapsed, 30m left
   31.5%  3720/4512 slices  2.98B/9.47B positions  3.6M/s  14m elapsed, 30m left
   31.7%  3729/4512 slices  3.00B/9.47B positions  3.6M/s  14m elapsed, 30m left
   31.9%  3736/4512 slices  3.02B/9.47B positions  3.6M/s  14m elapsed, 30m left
   32.1%  3738/4512 slices  3.04B/9.47B positions  3.6M/s  14m elapsed, 30m left
   32.3%  3741/4512 slices  3.06B/9.47B positions  3.6M/s  14m elapsed, 30m left
   32.4%  3759/4512 slices  3.07B/9.47B positions  3.6M/s  14m elapsed, 30m left
   32.7%  3773/4512 slices  3.09B/9.47B positions  3.6M/s  14m elapsed, 29m left
   32.9%  3784/4512 slices  3.11B/9.47B positions  3.6M/s  14m elapsed, 29m left
   33.1%  3800/4512 slices  3.14B/9.47B positions  3.6M/s  15m elapsed, 29m left
   33.3%  3809/4512 slices  3.15B/9.47B positions  3.6M/s  15m elapsed, 29m left
   33.5%  3819/4512 slices  3.17B/9.47B positions  3.6M/s  15m elapsed, 29m left
   33.7%  3821/4512 slices  3.19B/9.47B positions  3.6M/s  15m elapsed, 29m left
   33.9%  3834/4512 slices  3.21B/9.47B positions  3.6M/s  15m elapsed, 29m left
   34.3%  3844/4512 slices  3.24B/9.47B positions  3.6M/s  15m elapsed, 29m left
   34.7%  3845/4512 slices  3.28B/9.47B positions  3.6M/s  15m elapsed, 29m left
   34.9%  3853/4512 slices  3.30B/9.47B positions  3.6M/s  15m elapsed, 29m left
   35.0%  3860/4512 slices  3.32B/9.47B positions  3.6M/s  15m elapsed, 29m left
   35.2%  3873/4512 slices  3.33B/9.47B positions  3.6M/s  15m elapsed, 28m left
   35.4%  3877/4512 slices  3.35B/9.47B positions  3.6M/s  16m elapsed, 28m left
   35.6%  3878/4512 slices  3.37B/9.47B positions  3.6M/s  16m elapsed, 28m left
   35.8%  3881/4512 slices  3.39B/9.47B positions  3.6M/s  16m elapsed, 28m left
   36.0%  3904/4512 slices  3.41B/9.47B positions  3.6M/s  16m elapsed, 28m left
   36.2%  3923/4512 slices  3.43B/9.47B positions  3.6M/s  16m elapsed, 28m left
   36.6%  3937/4512 slices  3.47B/9.47B positions  3.6M/s  16m elapsed, 28m left
   36.8%  3945/4512 slices  3.48B/9.47B positions  3.6M/s  16m elapsed, 28m left
   36.9%  3954/4512 slices  3.50B/9.47B positions  3.6M/s  16m elapsed, 28m left
   37.1%  3955/4512 slices  3.52B/9.47B positions  3.6M/s  16m elapsed, 28m left
   37.3%  3964/4512 slices  3.54B/9.47B positions  3.6M/s  17m elapsed, 28m left
   37.7%  3972/4512 slices  3.57B/9.47B positions  3.6M/s  17m elapsed, 28m left
   38.1%  3973/4512 slices  3.60B/9.47B positions  3.6M/s  17m elapsed, 27m left
   38.3%  3981/4512 slices  3.62B/9.47B positions  3.6M/s  17m elapsed, 27m left
   38.5%  3988/4512 slices  3.64B/9.47B positions  3.6M/s  17m elapsed, 27m left
   38.8%  3994/4512 slices  3.67B/9.47B positions  3.6M/s  17m elapsed, 27m left
   39.0%  4003/4512 slices  3.69B/9.47B positions  3.6M/s  17m elapsed, 27m left
   39.2%  4014/4512 slices  3.71B/9.47B positions  3.6M/s  17m elapsed, 27m left
   39.3%  4022/4512 slices  3.73B/9.47B positions  3.6M/s  17m elapsed, 27m left
   39.6%  4030/4512 slices  3.75B/9.47B positions  3.6M/s  18m elapsed, 27m left
   39.8%  4041/4512 slices  3.77B/9.47B positions  3.6M/s  18m elapsed, 27m left
   40.0%  4045/4512 slices  3.79B/9.47B positions  3.6M/s  18m elapsed, 27m left
   40.2%  4055/4512 slices  3.81B/9.47B positions  3.6M/s  18m elapsed, 27m left
   40.5%  4056/4512 slices  3.83B/9.47B positions  3.6M/s  18m elapsed, 26m left
   40.9%  4057/4512 slices  3.87B/9.47B positions  3.6M/s  18m elapsed, 26m left
   41.1%  4064/4512 slices  3.89B/9.47B positions  3.6M/s  18m elapsed, 26m left
   41.2%  4068/4512 slices  3.90B/9.47B positions  3.6M/s  18m elapsed, 26m left
   41.5%  4078/4512 slices  3.93B/9.47B positions  3.6M/s  18m elapsed, 26m left
   42.6%  4085/4512 slices  4.04B/9.47B positions  3.5M/s  19m elapsed, 26m left
   44.5%  4086/4512 slices  4.21B/9.47B positions  3.5M/s  20m elapsed, 25m left
   48.4%  4087/4512 slices  4.58B/9.47B positions  3.5M/s  22m elapsed, 23m left
   49.3%  4088/4512 slices  4.67B/9.47B positions  3.5M/s  22m elapsed, 23m left
   49.5%  4097/4512 slices  4.69B/9.47B positions  3.5M/s  22m elapsed, 23m left
   49.7%  4110/4512 slices  4.71B/9.47B positions  3.5M/s  22m elapsed, 23m left
   49.9%  4115/4512 slices  4.73B/9.47B positions  3.5M/s  23m elapsed, 23m left
   50.1%  4124/4512 slices  4.75B/9.47B positions  3.5M/s  23m elapsed, 23m left
   50.4%  4128/4512 slices  4.77B/9.47B positions  3.5M/s  23m elapsed, 22m left
   50.8%  4132/4512 slices  4.81B/9.47B positions  3.5M/s  23m elapsed, 22m left
   51.1%  4133/4512 slices  4.84B/9.47B positions  3.5M/s  23m elapsed, 22m left
   51.3%  4136/4512 slices  4.86B/9.47B positions  3.5M/s  23m elapsed, 22m left
   51.5%  4141/4512 slices  4.87B/9.47B positions  3.5M/s  23m elapsed, 22m left
   51.6%  4144/4512 slices  4.89B/9.47B positions  3.5M/s  23m elapsed, 22m left
   52.1%  4147/4512 slices  4.93B/9.47B positions  3.5M/s  24m elapsed, 22m left
   52.2%  4151/4512 slices  4.94B/9.47B positions  3.5M/s  24m elapsed, 22m left
   52.8%  4152/4512 slices  5.00B/9.47B positions  3.5M/s  24m elapsed, 21m left
   53.0%  4155/4512 slices  5.02B/9.47B positions  3.5M/s  24m elapsed, 21m left
   53.2%  4157/4512 slices  5.04B/9.47B positions  3.5M/s  24m elapsed, 21m left
   53.4%  4159/4512 slices  5.05B/9.47B positions  3.5M/s  24m elapsed, 21m left
   54.1%  4160/4512 slices  5.12B/9.47B positions  3.5M/s  25m elapsed, 21m left
   54.3%  4162/4512 slices  5.14B/9.47B positions  3.5M/s  25m elapsed, 21m left
   54.5%  4163/4512 slices  5.16B/9.47B positions  3.5M/s  25m elapsed, 21m left
   54.7%  4164/4512 slices  5.18B/9.47B positions  3.5M/s  25m elapsed, 21m left
   54.9%  4166/4512 slices  5.20B/9.47B positions  3.5M/s  25m elapsed, 21m left
   55.1%  4167/4512 slices  5.22B/9.47B positions  3.5M/s  25m elapsed, 20m left
   55.9%  4168/4512 slices  5.30B/9.47B positions  3.5M/s  26m elapsed, 20m left
   56.2%  4170/4512 slices  5.32B/9.47B positions  3.5M/s  26m elapsed, 20m left
   56.4%  4171/4512 slices  5.34B/9.47B positions  3.5M/s  26m elapsed, 20m left
   56.8%  4172/4512 slices  5.38B/9.47B positions  3.4M/s  26m elapsed, 20m left
   57.1%  4174/4512 slices  5.41B/9.47B positions  3.4M/s  26m elapsed, 20m left
   57.4%  4175/4512 slices  5.43B/9.47B positions  3.4M/s  26m elapsed, 20m left
   58.2%  4176/4512 slices  5.51B/9.47B positions  3.4M/s  27m elapsed, 19m left
   58.4%  4178/4512 slices  5.53B/9.47B positions  3.4M/s  27m elapsed, 19m left
   58.5%  4185/4512 slices  5.54B/9.47B positions  3.4M/s  27m elapsed, 19m left
   58.7%  4187/4512 slices  5.56B/9.47B positions  3.4M/s  27m elapsed, 19m left
   58.9%  4195/4512 slices  5.58B/9.47B positions  3.4M/s  27m elapsed, 19m left
   59.1%  4201/4512 slices  5.60B/9.47B positions  3.4M/s  27m elapsed, 19m left
   59.6%  4206/4512 slices  5.65B/9.47B positions  3.4M/s  27m elapsed, 19m left
   59.8%  4211/4512 slices  5.66B/9.47B positions  3.4M/s  28m elapsed, 19m left
   60.0%  4213/4512 slices  5.68B/9.47B positions  3.4M/s  28m elapsed, 18m left
   60.2%  4218/4512 slices  5.70B/9.47B positions  3.4M/s  28m elapsed, 18m left
   60.8%  4221/4512 slices  5.76B/9.47B positions  3.4M/s  28m elapsed, 18m left
   61.0%  4225/4512 slices  5.77B/9.47B positions  3.4M/s  28m elapsed, 18m left
   61.3%  4227/4512 slices  5.81B/9.47B positions  3.4M/s  28m elapsed, 18m left
   61.5%  4229/4512 slices  5.83B/9.47B positions  3.4M/s  28m elapsed, 18m left
   61.8%  4232/4512 slices  5.85B/9.47B positions  3.4M/s  28m elapsed, 18m left
   62.0%  4238/4512 slices  5.87B/9.47B positions  3.4M/s  29m elapsed, 18m left
   62.2%  4242/4512 slices  5.89B/9.47B positions  3.4M/s  29m elapsed, 17m left
   62.5%  4243/4512 slices  5.91B/9.47B positions  3.4M/s  29m elapsed, 17m left
   63.3%  4244/4512 slices  5.99B/9.47B positions  3.4M/s  29m elapsed, 17m left
   63.4%  4245/4512 slices  6.01B/9.47B positions  3.4M/s  29m elapsed, 17m left
   63.6%  4250/4512 slices  6.02B/9.47B positions  3.4M/s  29m elapsed, 17m left
   63.8%  4253/4512 slices  6.04B/9.47B positions  3.4M/s  29m elapsed, 17m left
   64.0%  4258/4512 slices  6.06B/9.47B positions  3.4M/s  30m elapsed, 17m left
   64.2%  4264/4512 slices  6.08B/9.47B positions  3.4M/s  30m elapsed, 17m left
   64.4%  4273/4512 slices  6.10B/9.47B positions  3.4M/s  30m elapsed, 16m left
   64.5%  4276/4512 slices  6.11B/9.47B positions  3.4M/s  30m elapsed, 16m left
   64.9%  4277/4512 slices  6.14B/9.47B positions  3.4M/s  30m elapsed, 16m left
   65.0%  4282/4512 slices  6.16B/9.47B positions  3.4M/s  30m elapsed, 16m left
   65.2%  4286/4512 slices  6.17B/9.47B positions  3.4M/s  30m elapsed, 16m left
   65.8%  4288/4512 slices  6.23B/9.47B positions  3.4M/s  31m elapsed, 16m left
   66.1%  4293/4512 slices  6.26B/9.47B positions  3.4M/s  31m elapsed, 16m left
   66.3%  4296/4512 slices  6.28B/9.47B positions  3.4M/s  31m elapsed, 16m left
   66.5%  4297/4512 slices  6.30B/9.47B positions  3.4M/s  31m elapsed, 16m left
   66.9%  4306/4512 slices  6.33B/9.47B positions  3.4M/s  31m elapsed, 15m left
   67.2%  4307/4512 slices  6.37B/9.47B positions  3.4M/s  31m elapsed, 15m left
   68.0%  4308/4512 slices  6.44B/9.47B positions  3.4M/s  32m elapsed, 15m left
   68.1%  4309/4512 slices  6.45B/9.47B positions  3.4M/s  32m elapsed, 15m left
   68.4%  4316/4512 slices  6.47B/9.47B positions  3.4M/s  32m elapsed, 15m left
   68.5%  4321/4512 slices  6.49B/9.47B positions  3.4M/s  32m elapsed, 15m left
   68.8%  4328/4512 slices  6.52B/9.47B positions  3.4M/s  32m elapsed, 15m left
   69.0%  4338/4512 slices  6.54B/9.47B positions  3.4M/s  32m elapsed, 15m left
   69.4%  4341/4512 slices  6.57B/9.47B positions  3.4M/s  33m elapsed, 14m left
   69.6%  4346/4512 slices  6.59B/9.47B positions  3.4M/s  33m elapsed, 14m left
   70.4%  4351/4512 slices  6.67B/9.47B positions  3.4M/s  33m elapsed, 14m left
   70.7%  4355/4512 slices  6.70B/9.47B positions  3.4M/s  33m elapsed, 14m left
   70.9%  4358/4512 slices  6.72B/9.47B positions  3.4M/s  33m elapsed, 14m left
   71.2%  4364/4512 slices  6.74B/9.47B positions  3.4M/s  33m elapsed, 14m left
   71.5%  4365/4512 slices  6.77B/9.47B positions  3.4M/s  34m elapsed, 13m left
   72.1%  4366/4512 slices  6.83B/9.47B positions  3.4M/s  34m elapsed, 13m left
   72.3%  4367/4512 slices  6.85B/9.47B positions  3.4M/s  34m elapsed, 13m left
   72.5%  4375/4512 slices  6.87B/9.47B positions  3.4M/s  34m elapsed, 13m left
   72.7%  4377/4512 slices  6.88B/9.47B positions  3.4M/s  34m elapsed, 13m left
   73.1%  4384/4512 slices  6.92B/9.47B positions  3.3M/s  34m elapsed, 13m left
   73.9%  4390/4512 slices  7.00B/9.47B positions  3.3M/s  35m elapsed, 12m left
   74.1%  4393/4512 slices  7.02B/9.47B positions  3.3M/s  35m elapsed, 12m left
   74.3%  4395/4512 slices  7.04B/9.47B positions  3.3M/s  35m elapsed, 12m left
   74.5%  4400/4512 slices  7.06B/9.47B positions  3.3M/s  35m elapsed, 12m left
   74.8%  4401/4512 slices  7.09B/9.47B positions  3.3M/s  36m elapsed, 12m left
   75.4%  4402/4512 slices  7.14B/9.47B positions  3.3M/s  36m elapsed, 12m left
   75.5%  4403/4512 slices  7.15B/9.47B positions  3.3M/s  36m elapsed, 12m left
   82.5%  4410/4512 slices  7.81B/9.47B positions  3.3M/s  40m elapsed, 8m left
   82.6%  4414/4512 slices  7.82B/9.47B positions  3.3M/s  40m elapsed, 8m left
   83.0%  4421/4512 slices  7.86B/9.47B positions  3.3M/s  40m elapsed, 8m left
   83.9%  4426/4512 slices  7.94B/9.47B positions  3.3M/s  41m elapsed, 8m left
   84.1%  4429/4512 slices  7.97B/9.47B positions  3.3M/s  41m elapsed, 8m left
   84.5%  4432/4512 slices  8.00B/9.47B positions  3.3M/s  41m elapsed, 7m left
   84.9%  4433/4512 slices  8.04B/9.47B positions  3.3M/s  41m elapsed, 7m left
   85.2%  4435/4512 slices  8.07B/9.47B positions  3.3M/s  41m elapsed, 7m left
   85.5%  4436/4512 slices  8.10B/9.47B positions  3.3M/s  41m elapsed, 7m left
   86.2%  4437/4512 slices  8.16B/9.47B positions  3.3M/s  42m elapsed, 7m left
   87.0%  4438/4512 slices  8.24B/9.47B positions  3.3M/s  42m elapsed, 6m left
   87.2%  4441/4512 slices  8.26B/9.47B positions  3.3M/s  42m elapsed, 6m left
   87.5%  4443/4512 slices  8.28B/9.47B positions  3.3M/s  42m elapsed, 6m left
   87.8%  4445/4512 slices  8.31B/9.47B positions  3.3M/s  43m elapsed, 6m left
   88.0%  4446/4512 slices  8.33B/9.47B positions  3.3M/s  43m elapsed, 6m left
   88.3%  4447/4512 slices  8.36B/9.47B positions  3.3M/s  43m elapsed, 6m left
   88.5%  4450/4512 slices  8.38B/9.47B positions  3.3M/s  43m elapsed, 6m left
   89.5%  4451/4512 slices  8.48B/9.47B positions  3.3M/s  43m elapsed, 5m left
   89.8%  4454/4512 slices  8.50B/9.47B positions  3.2M/s  44m elapsed, 5m left
   90.2%  4456/4512 slices  8.54B/9.47B positions  3.2M/s  44m elapsed, 5m left
   90.5%  4457/4512 slices  8.57B/9.47B positions  3.3M/s  44m elapsed, 5m left
   90.7%  4460/4512 slices  8.59B/9.47B positions  3.3M/s  44m elapsed, 5m left
   91.0%  4463/4512 slices  8.61B/9.47B positions  3.3M/s  44m elapsed, 4m left
   91.3%  4465/4512 slices  8.65B/9.47B positions  3.3M/s  44m elapsed, 4m left
   92.5%  4468/4512 slices  8.76B/9.47B positions  3.2M/s  45m elapsed, 4m left
   92.7%  4471/4512 slices  8.78B/9.47B positions  3.2M/s  45m elapsed, 4m left
   93.1%  4473/4512 slices  8.81B/9.47B positions  3.2M/s  45m elapsed, 3m left
   93.3%  4474/4512 slices  8.83B/9.47B positions  3.3M/s  45m elapsed, 3m left
   93.5%  4478/4512 slices  8.85B/9.47B positions  3.3M/s  45m elapsed, 3m left
   93.7%  4481/4512 slices  8.88B/9.47B positions  3.3M/s  46m elapsed, 3m left
   93.9%  4483/4512 slices  8.90B/9.47B positions  3.3M/s  46m elapsed, 3m left
   95.1%  4485/4512 slices  9.00B/9.47B positions  3.2M/s  46m elapsed, 2m left
   95.4%  4488/4512 slices  9.03B/9.47B positions  3.2M/s  46m elapsed, 2m left
   95.6%  4492/4512 slices  9.05B/9.47B positions  3.3M/s  46m elapsed, 2m left
   96.6%  4494/4512 slices  9.15B/9.47B positions  3.2M/s  47m elapsed, 2m left
   96.8%  4497/4512 slices  9.17B/9.47B positions  3.2M/s  47m elapsed, 2m left
   97.0%  4502/4512 slices  9.19B/9.47B positions  3.2M/s  47m elapsed, 87s left
   97.9%  4503/4512 slices  9.27B/9.47B positions  3.2M/s  48m elapsed, 62s left
   98.2%  4504/4512 slices  9.30B/9.47B positions  3.2M/s  48m elapsed, 53s left
   98.5%  4505/4512 slices  9.33B/9.47B positions  3.2M/s  48m elapsed, 43s left
   98.9%  4506/4512 slices  9.37B/9.47B positions  3.2M/s  48m elapsed, 32s left
   99.2%  4507/4512 slices  9.39B/9.47B positions  3.2M/s  48m elapsed, 25s left
   99.4%  4508/4512 slices  9.41B/9.47B positions  3.2M/s  48m elapsed, 17s left
   99.6%  4509/4512 slices  9.43B/9.47B positions  3.2M/s  48m elapsed, 12s left
   99.8%  4510/4512 slices  9.45B/9.47B positions  3.2M/s  49m elapsed, 6s left
  100.0%  4512/4512 slices  9.47B/9.47B positions  3.2M/s  49m elapsed, 0s left

4512 slices, 9470299328 positions in 49m (3.2M positions/s)
  white wins 1749115229
  black wins 1811602387
  draws      564863491
  illegal    5344718221
  tables     2.20 GiB resident, peak 4.05 GiB transient for one slice
  written to tb12-dtz.bin
  mirror symmetry: assumed, not tested (run `retro mirrorcheck`)

checks skipped
