plan: 4512 slices, 9.470B positions  [win/draw/loss, 2 bits, mirror symmetry]
  tables                 2.20 GiB resident for the whole run
  largest slice          KQRBNkqrbn, 645.8M positions
  its working memory     3.61 GiB (worst case; measured peaks run near half this)
  projected peak         5.81 GiB
  projected time         43m at 3.7M positions/s

    0.2%  950/4512 slices  0.02B/9.47B positions  4.4M/s  5s elapsed, 36m left
    0.4%  1176/4512 slices  0.04B/9.47B positions  4.2M/s  10s elapsed, 37m left
    0.7%  1196/4512 slices  0.07B/9.47B positions  4.2M/s  16s elapsed, 37m left
    1.0%  1369/4512 slices  0.09B/9.47B positions  4.4M/s  21s elapsed, 35m left
    1.2%  1465/4512 slices  0.11B/9.47B positions  4.4M/s  26s elapsed, 36m left
    1.4%  1536/4512 slices  0.13B/9.47B positions  4.3M/s  31s elapsed, 36m left
    1.6%  1605/4512 slices  0.15B/9.47B positions  4.2M/s  36s elapsed, 37m left
    1.8%  1764/4512 slices  0.17B/9.47B positions  4.2M/s  41s elapsed, 37m left
    2.0%  1906/4512 slices  0.19B/9.47B positions  4.1M/s  46s elapsed, 37m left
    2.2%  2007/4512 slices  0.21B/9.47B positions  4.1M/s  51s elapsed, 38m left
    2.4%  2117/4512 slices  0.23B/9.47B positions  4.1M/s  56s elapsed, 38m left
    2.6%  2219/4512 slices  0.25B/9.47B positions  4.1M/s  61s elapsed, 38m left
    2.9%  2262/4512 slices  0.27B/9.47B positions  4.0M/s  67s elapsed, 38m left
    3.1%  2266/4512 slices  0.29B/9.47B positions  4.0M/s  73s elapsed, 38m left
    3.4%  2270/4512 slices  0.32B/9.47B positions  4.0M/s  80s elapsed, 38m left
    3.7%  2276/4512 slices  0.35B/9.47B positions  4.1M/s  86s elapsed, 37m left
    4.1%  2280/4512 slices  0.38B/9.47B positions  4.1M/s  2m elapsed, 37m left
    4.3%  2281/4512 slices  0.41B/9.47B positions  4.1M/s  2m elapsed, 37m left
    4.6%  2284/4512 slices  0.43B/9.47B positions  4.1M/s  2m elapsed, 37m left
    4.9%  2287/4512 slices  0.46B/9.47B positions  4.0M/s  2m elapsed, 37m left
    5.1%  2360/4512 slices  0.48B/9.47B positions  4.0M/s  2m elapsed, 37m left
    5.4%  2417/4512 slices  0.52B/9.47B positions  4.2M/s  2m elapsed, 36m left
    5.7%  2443/4512 slices  0.54B/9.47B positions  4.2M/s  2m elapsed, 36m left
    5.9%  2468/4512 slices  0.56B/9.47B positions  4.2M/s  2m elapsed, 36m left
    6.1%  2492/4512 slices  0.58B/9.47B positions  4.2M/s  2m elapsed, 36m left
    6.4%  2507/4512 slices  0.60B/9.47B positions  4.2M/s  2m elapsed, 36m left
    6.6%  2524/4512 slices  0.62B/9.47B positions  4.1M/s  3m elapsed, 36m left
    6.8%  2544/4512 slices  0.65B/9.47B positions  4.1M/s  3m elapsed, 36m left
    7.0%  2555/4512 slices  0.67B/9.47B positions  4.1M/s  3m elapsed, 36m left
    7.3%  2566/4512 slices  0.69B/9.47B positions  4.1M/s  3m elapsed, 36m left
    7.4%  2580/4512 slices  0.70B/9.47B positions  4.1M/s  3m elapsed, 36m left
    7.6%  2598/4512 slices  0.72B/9.47B positions  4.1M/s  3m elapsed, 36m left
    7.8%  2608/4512 slices  0.74B/9.47B positions  4.1M/s  3m elapsed, 36m left
    8.1%  2617/4512 slices  0.76B/9.47B positions  4.1M/s  3m elapsed, 36m left
    8.3%  2627/4512 slices  0.78B/9.47B positions  4.1M/s  3m elapsed, 36m left
    8.5%  2663/4512 slices  0.80B/9.47B positions  4.0M/s  3m elapsed, 36m left
    8.7%  2719/4512 slices  0.82B/9.47B positions  4.0M/s  3m elapsed, 36m left
    8.9%  2765/4512 slices  0.84B/9.47B positions  4.0M/s  3m elapsed, 36m left
    9.1%  2784/4512 slices  0.86B/9.47B positions  4.0M/s  4m elapsed, 36m left
    9.3%  2806/4512 slices  0.88B/9.47B positions  4.0M/s  4m elapsed, 36m left
    9.6%  2835/4512 slices  0.91B/9.47B positions  4.0M/s  4m elapsed, 36m left
    9.8%  2860/4512 slices  0.93B/9.47B positions  4.0M/s  4m elapsed, 36m left
   10.0%  2911/4512 slices  0.94B/9.47B positions  4.0M/s  4m elapsed, 36m left
   10.2%  2948/4512 slices  0.96B/9.47B positions  4.0M/s  4m elapsed, 36m left
   10.4%  2969/4512 slices  0.98B/9.47B positions  4.0M/s  4m elapsed, 35m left
   10.6%  3001/4512 slices  1.00B/9.47B positions  4.0M/s  4m elapsed, 36m left
   10.8%  3029/4512 slices  1.03B/9.47B positions  4.0M/s  4m elapsed, 35m left
   11.1%  3043/4512 slices  1.05B/9.47B positions  4.0M/s  4m elapsed, 35m left
   11.2%  3078/4512 slices  1.06B/9.47B positions  4.0M/s  4m elapsed, 35m left
   11.4%  3122/4512 slices  1.08B/9.47B positions  4.0M/s  5m elapsed, 35m left
   11.6%  3156/4512 slices  1.10B/9.47B positions  4.0M/s  5m elapsed, 35m left
   11.9%  3171/4512 slices  1.12B/9.47B positions  4.0M/s  5m elapsed, 35m left
   12.1%  3192/4512 slices  1.14B/9.47B positions  3.9M/s  5m elapsed, 35m left
   12.3%  3206/4512 slices  1.17B/9.47B positions  4.0M/s  5m elapsed, 35m left
   12.5%  3238/4512 slices  1.19B/9.47B positions  3.9M/s  5m elapsed, 35m left
   12.7%  3274/4512 slices  1.20B/9.47B positions  3.9M/s  5m elapsed, 35m left
   12.9%  3289/4512 slices  1.23B/9.47B positions  3.9M/s  5m elapsed, 35m left
   13.1%  3312/4512 slices  1.24B/9.47B positions  3.9M/s  5m elapsed, 35m left
   13.3%  3329/4512 slices  1.26B/9.47B positions  3.9M/s  5m elapsed, 35m left
   13.6%  3340/4512 slices  1.28B/9.47B positions  3.9M/s  5m elapsed, 35m left
   13.8%  3352/4512 slices  1.31B/9.47B positions  3.9M/s  6m elapsed, 35m left
   14.3%  3353/4512 slices  1.36B/9.47B positions  3.9M/s  6m elapsed, 34m left
   14.6%  3355/4512 slices  1.38B/9.47B positions  3.9M/s  6m elapsed, 35m left
   14.8%  3356/4512 slices  1.40B/9.47B positions  3.9M/s  6m elapsed, 35m left
   15.3%  3357/4512 slices  1.45B/9.47B positions  3.9M/s  6m elapsed, 34m left
   16.3%  3359/4512 slices  1.55B/9.47B positions  3.9M/s  7m elapsed, 34m left
   16.6%  3360/4512 slices  1.57B/9.47B positions  3.9M/s  7m elapsed, 34m left
   17.0%  3361/4512 slices  1.61B/9.47B positions  3.8M/s  7m elapsed, 34m left
   17.9%  3362/4512 slices  1.70B/9.47B positions  3.9M/s  7m elapsed, 34m left
   18.2%  3363/4512 slices  1.72B/9.47B positions  3.8M/s  7m elapsed, 34m left
   18.6%  3364/4512 slices  1.77B/9.47B positions  3.8M/s  8m elapsed, 33m left
   19.9%  3365/4512 slices  1.89B/9.47B positions  3.9M/s  8m elapsed, 33m left
   20.4%  3366/4512 slices  1.93B/9.47B positions  3.9M/s  8m elapsed, 32m left
   20.6%  3374/4512 slices  1.95B/9.47B positions  3.9M/s  8m elapsed, 32m left
   20.8%  3414/4512 slices  1.97B/9.47B positions  3.9M/s  8m elapsed, 32m left
   21.0%  3424/4512 slices  1.99B/9.47B positions  3.9M/s  9m elapsed, 32m left
   21.2%  3442/4512 slices  2.01B/9.47B positions  3.9M/s  9m elapsed, 32m left
   21.4%  3450/4512 slices  2.03B/9.47B positions  3.9M/s  9m elapsed, 32m left
   21.8%  3465/4512 slices  2.07B/9.47B positions  3.9M/s  9m elapsed, 32m left
   22.2%  3476/4512 slices  2.10B/9.47B positions  3.9M/s  9m elapsed, 31m left
   22.4%  3481/4512 slices  2.12B/9.47B positions  3.9M/s  9m elapsed, 31m left
   22.7%  3489/4512 slices  2.15B/9.47B positions  3.9M/s  9m elapsed, 31m left
   22.9%  3494/4512 slices  2.17B/9.47B positions  3.9M/s  9m elapsed, 31m left
   23.2%  3502/4512 slices  2.19B/9.47B positions  3.9M/s  9m elapsed, 31m left
   23.5%  3508/4512 slices  2.22B/9.47B positions  3.9M/s  9m elapsed, 31m left
   23.8%  3513/4512 slices  2.25B/9.47B positions  3.9M/s  10m elapsed, 31m left
   24.1%  3520/4512 slices  2.28B/9.47B positions  3.9M/s  10m elapsed, 31m left
   24.3%  3522/4512 slices  2.30B/9.47B positions  3.9M/s  10m elapsed, 30m left
   24.5%  3526/4512 slices  2.32B/9.47B positions  3.9M/s  10m elapsed, 30m left
   24.8%  3532/4512 slices  2.34B/9.47B positions  3.9M/s  10m elapsed, 30m left
   25.1%  3536/4512 slices  2.38B/9.47B positions  3.9M/s  10m elapsed, 30m left
   25.6%  3541/4512 slices  2.42B/9.47B positions  3.9M/s  10m elapsed, 30m left
   25.8%  3545/4512 slices  2.44B/9.47B positions  3.9M/s  10m elapsed, 30m left
   26.1%  3550/4512 slices  2.48B/9.47B positions  3.9M/s  11m elapsed, 30m left
   26.3%  3553/4512 slices  2.49B/9.47B positions  3.9M/s  11m elapsed, 30m left
   26.6%  3558/4512 slices  2.52B/9.47B positions  3.9M/s  11m elapsed, 30m left
   26.8%  3562/4512 slices  2.53B/9.47B positions  3.9M/s  11m elapsed, 30m left
   27.1%  3564/4512 slices  2.56B/9.47B positions  3.9M/s  11m elapsed, 30m left
   27.3%  3568/4512 slices  2.59B/9.47B positions  3.9M/s  11m elapsed, 30m left
   27.6%  3569/4512 slices  2.62B/9.47B positions  3.9M/s  11m elapsed, 29m left
   27.9%  3573/4512 slices  2.64B/9.47B positions  3.9M/s  11m elapsed, 29m left
   28.1%  3577/4512 slices  2.66B/9.47B positions  3.9M/s  11m elapsed, 29m left
   28.3%  3578/4512 slices  2.68B/9.47B positions  3.9M/s  12m elapsed, 29m left
   28.5%  3583/4512 slices  2.70B/9.47B positions  3.9M/s  12m elapsed, 29m left
   28.7%  3603/4512 slices  2.72B/9.47B positions  3.9M/s  12m elapsed, 29m left
   28.9%  3627/4512 slices  2.74B/9.47B positions  3.9M/s  12m elapsed, 29m left
   29.1%  3632/4512 slices  2.76B/9.47B positions  3.9M/s  12m elapsed, 29m left
   29.4%  3651/4512 slices  2.79B/9.47B positions  3.9M/s  12m elapsed, 29m left
   29.6%  3659/4512 slices  2.81B/9.47B positions  3.9M/s  12m elapsed, 29m left
   29.8%  3675/4512 slices  2.83B/9.47B positions  3.9M/s  12m elapsed, 29m left
   30.2%  3677/4512 slices  2.86B/9.47B positions  3.9M/s  12m elapsed, 29m left
   30.3%  3688/4512 slices  2.87B/9.47B positions  3.8M/s  12m elapsed, 29m left
   30.5%  3699/4512 slices  2.89B/9.47B positions  3.8M/s  13m elapsed, 29m left
   30.8%  3704/4512 slices  2.91B/9.47B positions  3.8M/s  13m elapsed, 28m left
   31.1%  3705/4512 slices  2.95B/9.47B positions  3.9M/s  13m elapsed, 28m left
   31.4%  3714/4512 slices  2.97B/9.47B positions  3.9M/s  13m elapsed, 28m left
   31.6%  3721/4512 slices  2.99B/9.47B positions  3.9M/s  13m elapsed, 28m left
   31.9%  3736/4512 slices  3.02B/9.47B positions  3.8M/s  13m elapsed, 28m left
   32.1%  3738/4512 slices  3.04B/9.47B positions  3.8M/s  13m elapsed, 28m left
   32.3%  3742/4512 slices  3.06B/9.47B positions  3.8M/s  13m elapsed, 28m left
   32.6%  3764/4512 slices  3.08B/9.47B positions  3.8M/s  13m elapsed, 28m left
   32.8%  3783/4512 slices  3.10B/9.47B positions  3.8M/s  13m elapsed, 28m left
   33.0%  3799/4512 slices  3.12B/9.47B positions  3.8M/s  14m elapsed, 28m left
   33.2%  3804/4512 slices  3.14B/9.47B positions  3.8M/s  14m elapsed, 27m left
   33.4%  3818/4512 slices  3.16B/9.47B positions  3.8M/s  14m elapsed, 27m left
   33.7%  3820/4512 slices  3.19B/9.47B positions  3.8M/s  14m elapsed, 27m left
   33.9%  3834/4512 slices  3.21B/9.47B positions  3.8M/s  14m elapsed, 27m left
   34.3%  3844/4512 slices  3.24B/9.47B positions  3.8M/s  14m elapsed, 27m left
   34.7%  3845/4512 slices  3.28B/9.47B positions  3.8M/s  14m elapsed, 27m left
   34.9%  3854/4512 slices  3.30B/9.47B positions  3.8M/s  14m elapsed, 27m left
   35.1%  3861/4512 slices  3.33B/9.47B positions  3.8M/s  14m elapsed, 27m left
   35.4%  3876/4512 slices  3.35B/9.47B positions  3.8M/s  15m elapsed, 27m left
   35.6%  3878/4512 slices  3.37B/9.47B positions  3.8M/s  15m elapsed, 27m left
   35.8%  3883/4512 slices  3.39B/9.47B positions  3.8M/s  15m elapsed, 26m left
   36.0%  3904/4512 slices  3.41B/9.47B positions  3.8M/s  15m elapsed, 26m left
   36.3%  3924/4512 slices  3.44B/9.47B positions  3.8M/s  15m elapsed, 26m left
   36.6%  3937/4512 slices  3.47B/9.47B positions  3.8M/s  15m elapsed, 26m left
   36.8%  3949/4512 slices  3.48B/9.47B positions  3.8M/s  15m elapsed, 26m left
   36.9%  3954/4512 slices  3.50B/9.47B positions  3.8M/s  15m elapsed, 26m left
   37.2%  3956/4512 slices  3.52B/9.47B positions  3.8M/s  15m elapsed, 26m left
   37.4%  3968/4512 slices  3.54B/9.47B positions  3.8M/s  15m elapsed, 26m left
   37.7%  3972/4512 slices  3.57B/9.47B positions  3.8M/s  16m elapsed, 26m left
   38.1%  3973/4512 slices  3.60B/9.47B positions  3.8M/s  16m elapsed, 26m left
   38.3%  3981/4512 slices  3.62B/9.47B positions  3.8M/s  16m elapsed, 25m left
   38.5%  3991/4512 slices  3.65B/9.47B positions  3.8M/s  16m elapsed, 25m left
   38.8%  3994/4512 slices  3.67B/9.47B positions  3.8M/s  16m elapsed, 25m left
   39.0%  4003/4512 slices  3.69B/9.47B positions  3.8M/s  16m elapsed, 25m left
   39.2%  4019/4512 slices  3.71B/9.47B positions  3.8M/s  16m elapsed, 25m left
   39.6%  4030/4512 slices  3.75B/9.47B positions  3.8M/s  16m elapsed, 25m left
   39.8%  4041/4512 slices  3.77B/9.47B positions  3.8M/s  16m elapsed, 25m left
   40.0%  4047/4512 slices  3.79B/9.47B positions  3.8M/s  17m elapsed, 25m left
   40.2%  4055/4512 slices  3.81B/9.47B positions  3.8M/s  17m elapsed, 25m left
   40.5%  4056/4512 slices  3.83B/9.47B positions  3.8M/s  17m elapsed, 25m left
   40.9%  4057/4512 slices  3.87B/9.47B positions  3.8M/s  17m elapsed, 24m left
   41.1%  4065/4512 slices  3.89B/9.47B positions  3.8M/s  17m elapsed, 24m left
   41.3%  4075/4512 slices  3.91B/9.47B positions  3.8M/s  17m elapsed, 24m left
   41.5%  4078/4512 slices  3.93B/9.47B positions  3.8M/s  17m elapsed, 24m left
   42.6%  4085/4512 slices  4.04B/9.47B positions  3.8M/s  18m elapsed, 24m left
   44.5%  4086/4512 slices  4.21B/9.47B positions  3.7M/s  19m elapsed, 23m left
   48.4%  4087/4512 slices  4.58B/9.47B positions  3.8M/s  20m elapsed, 22m left
   49.3%  4088/4512 slices  4.67B/9.47B positions  3.8M/s  21m elapsed, 21m left
   49.5%  4100/4512 slices  4.69B/9.47B positions  3.8M/s  21m elapsed, 21m left
   49.9%  4115/4512 slices  4.73B/9.47B positions  3.8M/s  21m elapsed, 21m left
   50.1%  4124/4512 slices  4.75B/9.47B positions  3.8M/s  21m elapsed, 21m left
   50.4%  4128/4512 slices  4.77B/9.47B positions  3.7M/s  21m elapsed, 21m left
   50.8%  4132/4512 slices  4.81B/9.47B positions  3.8M/s  21m elapsed, 21m left
   51.1%  4133/4512 slices  4.84B/9.47B positions  3.8M/s  21m elapsed, 21m left
   51.3%  4137/4512 slices  4.86B/9.47B positions  3.8M/s  22m elapsed, 20m left
   51.6%  4142/4512 slices  4.88B/9.47B positions  3.8M/s  22m elapsed, 20m left
   52.0%  4145/4512 slices  4.92B/9.47B positions  3.8M/s  22m elapsed, 20m left
   52.2%  4150/4512 slices  4.94B/9.47B positions  3.8M/s  22m elapsed, 20m left
   52.8%  4152/4512 slices  5.00B/9.47B positions  3.8M/s  22m elapsed, 20m left
   53.0%  4155/4512 slices  5.02B/9.47B positions  3.8M/s  22m elapsed, 20m left
   53.2%  4157/4512 slices  5.04B/9.47B positions  3.8M/s  22m elapsed, 20m left
   53.4%  4159/4512 slices  5.05B/9.47B positions  3.8M/s  22m elapsed, 20m left
   54.1%  4160/4512 slices  5.12B/9.47B positions  3.8M/s  23m elapsed, 19m left
   54.3%  4162/4512 slices  5.14B/9.47B positions  3.8M/s  23m elapsed, 19m left
   54.5%  4163/4512 slices  5.16B/9.47B positions  3.8M/s  23m elapsed, 19m left
   54.7%  4164/4512 slices  5.18B/9.47B positions  3.8M/s  23m elapsed, 19m left
   54.9%  4166/4512 slices  5.20B/9.47B positions  3.7M/s  23m elapsed, 19m left
   55.1%  4167/4512 slices  5.22B/9.47B positions  3.7M/s  23m elapsed, 19m left
   55.9%  4168/4512 slices  5.30B/9.47B positions  3.7M/s  24m elapsed, 19m left
   56.2%  4170/4512 slices  5.32B/9.47B positions  3.7M/s  24m elapsed, 18m left
   56.4%  4171/4512 slices  5.34B/9.47B positions  3.7M/s  24m elapsed, 18m left
   56.8%  4172/4512 slices  5.38B/9.47B positions  3.7M/s  24m elapsed, 18m left
   57.1%  4174/4512 slices  5.41B/9.47B positions  3.7M/s  24m elapsed, 18m left
   57.4%  4175/4512 slices  5.43B/9.47B positions  3.7M/s  24m elapsed, 18m left
   58.2%  4176/4512 slices  5.51B/9.47B positions  3.7M/s  25m elapsed, 18m left
   58.4%  4178/4512 slices  5.53B/9.47B positions  3.7M/s  25m elapsed, 18m left
   58.6%  4186/4512 slices  5.55B/9.47B positions  3.7M/s  25m elapsed, 18m left
   58.7%  4188/4512 slices  5.56B/9.47B positions  3.7M/s  25m elapsed, 17m left
   58.9%  4195/4512 slices  5.58B/9.47B positions  3.7M/s  25m elapsed, 17m left
   59.1%  4201/4512 slices  5.60B/9.47B positions  3.7M/s  25m elapsed, 17m left
   59.6%  4206/4512 slices  5.65B/9.47B positions  3.7M/s  25m elapsed, 17m left
   59.8%  4211/4512 slices  5.66B/9.47B positions  3.7M/s  25m elapsed, 17m left
   60.0%  4213/4512 slices  5.68B/9.47B positions  3.7M/s  25m elapsed, 17m left
   60.2%  4219/4512 slices  5.70B/9.47B positions  3.7M/s  26m elapsed, 17m left
   60.8%  4221/4512 slices  5.76B/9.47B positions  3.7M/s  26m elapsed, 17m left
   61.1%  4226/4512 slices  5.79B/9.47B positions  3.7M/s  26m elapsed, 16m left
   61.5%  4228/4512 slices  5.82B/9.47B positions  3.7M/s  26m elapsed, 16m left
   61.8%  4232/4512 slices  5.85B/9.47B positions  3.7M/s  26m elapsed, 16m left
   62.0%  4240/4512 slices  5.87B/9.47B positions  3.7M/s  26m elapsed, 16m left
   62.2%  4242/4512 slices  5.89B/9.47B positions  3.7M/s  26m elapsed, 16m left
   62.5%  4243/4512 slices  5.91B/9.47B positions  3.7M/s  27m elapsed, 16m left
   63.3%  4244/4512 slices  5.99B/9.47B positions  3.7M/s  27m elapsed, 16m left
   63.4%  4245/4512 slices  6.01B/9.47B positions  3.7M/s  27m elapsed, 16m left
   63.7%  4252/4512 slices  6.03B/9.47B positions  3.7M/s  27m elapsed, 15m left
   63.9%  4256/4512 slices  6.05B/9.47B positions  3.7M/s  27m elapsed, 15m left
   64.2%  4264/4512 slices  6.08B/9.47B positions  3.7M/s  27m elapsed, 15m left
   64.5%  4274/4512 slices  6.11B/9.47B positions  3.7M/s  27m elapsed, 15m left
   64.9%  4277/4512 slices  6.14B/9.47B positions  3.7M/s  28m elapsed, 15m left
   65.1%  4283/4512 slices  6.17B/9.47B positions  3.7M/s  28m elapsed, 15m left
   65.8%  4288/4512 slices  6.23B/9.47B positions  3.7M/s  28m elapsed, 15m left
   66.1%  4293/4512 slices  6.26B/9.47B positions  3.7M/s  28m elapsed, 14m left
   66.5%  4297/4512 slices  6.30B/9.47B positions  3.7M/s  28m elapsed, 14m left
   66.9%  4306/4512 slices  6.33B/9.47B positions  3.7M/s  28m elapsed, 14m left
   67.2%  4307/4512 slices  6.37B/9.47B positions  3.7M/s  29m elapsed, 14m left
   68.0%  4308/4512 slices  6.44B/9.47B positions  3.7M/s  29m elapsed, 14m left
   68.1%  4309/4512 slices  6.45B/9.47B positions  3.7M/s  29m elapsed, 14m left
   68.4%  4316/4512 slices  6.47B/9.47B positions  3.7M/s  29m elapsed, 13m left
   68.6%  4323/4512 slices  6.49B/9.47B positions  3.7M/s  29m elapsed, 13m left
   68.8%  4328/4512 slices  6.52B/9.47B positions  3.7M/s  29m elapsed, 13m left
   69.0%  4338/4512 slices  6.54B/9.47B positions  3.7M/s  29m elapsed, 13m left
   69.4%  4341/4512 slices  6.57B/9.47B positions  3.7M/s  30m elapsed, 13m left
   69.6%  4348/4512 slices  6.59B/9.47B positions  3.7M/s  30m elapsed, 13m left
   70.4%  4351/4512 slices  6.67B/9.47B positions  3.7M/s  30m elapsed, 13m left
   70.7%  4355/4512 slices  6.70B/9.47B positions  3.7M/s  30m elapsed, 12m left
   70.9%  4358/4512 slices  6.72B/9.47B positions  3.7M/s  30m elapsed, 12m left
   71.2%  4364/4512 slices  6.74B/9.47B positions  3.7M/s  30m elapsed, 12m left
   71.5%  4365/4512 slices  6.77B/9.47B positions  3.7M/s  30m elapsed, 12m left
   72.1%  4366/4512 slices  6.83B/9.47B positions  3.7M/s  31m elapsed, 12m left
   72.3%  4367/4512 slices  6.85B/9.47B positions  3.7M/s  31m elapsed, 12m left
   72.7%  4377/4512 slices  6.88B/9.47B positions  3.7M/s  31m elapsed, 12m left
   73.1%  4384/4512 slices  6.92B/9.47B positions  3.7M/s  31m elapsed, 11m left
   73.9%  4390/4512 slices  7.00B/9.47B positions  3.7M/s  32m elapsed, 11m left
   74.3%  4395/4512 slices  7.04B/9.47B positions  3.7M/s  32m elapsed, 11m left
   74.5%  4400/4512 slices  7.06B/9.47B positions  3.7M/s  32m elapsed, 11m left
   74.8%  4401/4512 slices  7.09B/9.47B positions  3.7M/s  32m elapsed, 11m left
   75.4%  4402/4512 slices  7.14B/9.47B positions  3.7M/s  32m elapsed, 11m left
   75.5%  4403/4512 slices  7.15B/9.47B positions  3.7M/s  32m elapsed, 10m left
   82.5%  4410/4512 slices  7.81B/9.47B positions  3.6M/s  36m elapsed, 8m left
   82.6%  4417/4512 slices  7.83B/9.47B positions  3.6M/s  36m elapsed, 8m left
   83.0%  4421/4512 slices  7.86B/9.47B positions  3.6M/s  36m elapsed, 7m left
   83.9%  4426/4512 slices  7.94B/9.47B positions  3.6M/s  36m elapsed, 7m left
   84.1%  4429/4512 slices  7.97B/9.47B positions  3.6M/s  36m elapsed, 7m left
   84.5%  4432/4512 slices  8.00B/9.47B positions  3.6M/s  37m elapsed, 7m left
   84.9%  4433/4512 slices  8.04B/9.47B positions  3.6M/s  37m elapsed, 7m left
   85.2%  4435/4512 slices  8.07B/9.47B positions  3.6M/s  37m elapsed, 6m left
   85.5%  4436/4512 slices  8.10B/9.47B positions  3.6M/s  37m elapsed, 6m left
   86.2%  4437/4512 slices  8.16B/9.47B positions  3.6M/s  37m elapsed, 6m left
   87.0%  4438/4512 slices  8.24B/9.47B positions  3.6M/s  38m elapsed, 6m left
   87.2%  4441/4512 slices  8.26B/9.47B positions  3.6M/s  38m elapsed, 6m left
   87.5%  4443/4512 slices  8.28B/9.47B positions  3.6M/s  38m elapsed, 5m left
   87.8%  4445/4512 slices  8.31B/9.47B positions  3.6M/s  38m elapsed, 5m left
   88.0%  4446/4512 slices  8.33B/9.47B positions  3.6M/s  38m elapsed, 5m left
   88.3%  4447/4512 slices  8.36B/9.47B positions  3.6M/s  38m elapsed, 5m left
   88.5%  4450/4512 slices  8.38B/9.47B positions  3.6M/s  38m elapsed, 5m left
   89.5%  4451/4512 slices  8.48B/9.47B positions  3.6M/s  39m elapsed, 5m left
   89.8%  4454/4512 slices  8.50B/9.47B positions  3.6M/s  39m elapsed, 4m left
   90.2%  4456/4512 slices  8.54B/9.47B positions  3.6M/s  39m elapsed, 4m left
   90.5%  4457/4512 slices  8.57B/9.47B positions  3.6M/s  39m elapsed, 4m left
   90.7%  4460/4512 slices  8.59B/9.47B positions  3.6M/s  39m elapsed, 4m left
   91.0%  4463/4512 slices  8.61B/9.47B positions  3.6M/s  40m elapsed, 4m left
   91.3%  4465/4512 slices  8.65B/9.47B positions  3.6M/s  40m elapsed, 4m left
   92.5%  4468/4512 slices  8.76B/9.47B positions  3.6M/s  40m elapsed, 3m left
   92.7%  4471/4512 slices  8.78B/9.47B positions  3.6M/s  40m elapsed, 3m left
   93.1%  4473/4512 slices  8.81B/9.47B positions  3.6M/s  41m elapsed, 3m left
   93.3%  4474/4512 slices  8.83B/9.47B positions  3.6M/s  41m elapsed, 3m left
   93.5%  4479/4512 slices  8.86B/9.47B positions  3.6M/s  41m elapsed, 3m left
   93.7%  4481/4512 slices  8.88B/9.47B positions  3.6M/s  41m elapsed, 3m left
   93.9%  4483/4512 slices  8.90B/9.47B positions  3.6M/s  41m elapsed, 3m left
   95.1%  4485/4512 slices  9.00B/9.47B positions  3.6M/s  41m elapsed, 2m left
   95.4%  4488/4512 slices  9.03B/9.47B positions  3.6M/s  42m elapsed, 2m left
   95.6%  4492/4512 slices  9.05B/9.47B positions  3.6M/s  42m elapsed, 2m left
   96.6%  4494/4512 slices  9.15B/9.47B positions  3.6M/s  42m elapsed, 88s left
   96.8%  4497/4512 slices  9.17B/9.47B positions  3.6M/s  42m elapsed, 83s left
   97.9%  4503/4512 slices  9.27B/9.47B positions  3.6M/s  43m elapsed, 56s left
   98.2%  4504/4512 slices  9.30B/9.47B positions  3.6M/s  43m elapsed, 48s left
   98.5%  4505/4512 slices  9.33B/9.47B positions  3.6M/s  43m elapsed, 38s left
   98.9%  4506/4512 slices  9.37B/9.47B positions  3.6M/s  43m elapsed, 28s left
   99.2%  4507/4512 slices  9.39B/9.47B positions  3.6M/s  43m elapsed, 22s left
   99.4%  4508/4512 slices  9.41B/9.47B positions  3.6M/s  43m elapsed, 15s left
   99.8%  4510/4512 slices  9.45B/9.47B positions  3.6M/s  43m elapsed, 6s left
  100.0%  4512/4512 slices  9.47B/9.47B positions  3.6M/s  44m elapsed, 0s left

4512 slices, 9470299328 positions in 44m (3.6M positions/s)
  white wins 1749115229
  black wins 1811602387
  draws      564863491
  illegal    5344718221
  tables     2.20 GiB resident, peak 2.20 GiB transient for one slice
  written to tb12.bin
  mirror symmetry: assumed, not tested (run `retro mirrorcheck`)

checks skipped
